// Jest Snapshot v1, https://goo.gl/fbAQLP

exports[`Test FormBody component Check validity of sample component 1`] = `
[
  <View
    onLayout={[Function]}
    style={
      {
        "height": 0,
        "width": 0,
      }
    }
  />,
  <View
    style={
      {
        "flex": 1,
      }
    }
  />,
]
`;
