// Jest Snapshot v1, https://goo.gl/fbAQLP

exports[`Test FormFooter component Check validity of sample component 1`] = `
[
  <View
    onLayout={[Function]}
    style={
      {
        "height": 0,
        "width": 0,
      }
    }
  />,
  <View
    style={
      {
        "borderColor": "#cccccc",
        "borderStyle": "solid",
        "borderTopWidth": 1,
        "flexDirection": "row",
        "justifyContent": "flex-end",
        "paddingBottom": 8,
        "paddingLeft": 8,
        "paddingRight": 8,
        "paddingTop": 8,
      }
    }
  />,
]
`;
