// Jest Snapshot v1, https://goo.gl/fbAQLP

exports[`Test Accordion component Check validity of sample component 1`] = `
<View
  style={
    {
      "backgroundColor": "transparent",
      "borderColor": "#eeeeee",
      "borderRadius": 6,
      "borderStyle": "solid",
      "borderWidth": 0,
      "width": "100%",
    }
  }
/>
`;
