// Jest Snapshot v1, https://goo.gl/fbAQLP

exports[`Test BaseComponent Check validity of sample component 1`] = `
<View
  accessible={true}
  focusable={true}
  onClick={[Function]}
  onResponderGrant={[Function]}
  onResponderMove={[Function]}
  onResponderRelease={[Function]}
  onResponderTerminate={[Function]}
  onResponderTerminationRequest={[Function]}
  onStartShouldSetResponder={[Function]}
  style={
    Object {
      "opacity": 1,
    }
  }
>
  <Text
    style={
      Object {
        "color": "black",
        "fontSize": 20,
      }
    }
  >
    test_label
  </Text>
</View>
`;
