// Jest Snapshot v1, https://goo.gl/fbAQLP

exports[`Test PanelFooter component Check validity of sample component 1`] = `
[
  <View
    onLayout={[Function]}
    style={
      {
        "height": 0,
        "width": 0,
      }
    }
  />,
  <View
    style={
      {
        "borderColor": "#dddddd",
        "borderRadius": 6,
        "borderStyle": "solid",
        "borderWidth": 1,
        "marginTop": 8,
        "minHeight": 64,
        "paddingBottom": 8,
        "paddingLeft": 8,
        "paddingRight": 8,
        "paddingTop": 8,
      }
    }
  />,
]
`;
