// Jest Snapshot v1, https://goo.gl/fbAQLP

exports[`Test PanelContent component Check validity of sample component 1`] = `
<View
  style={
    {
      "borderColor": "#ffffff",
      "borderStyle": "solid",
      "borderTopWidth": 0,
      "borderWidth": 1,
    }
  }
/>
`;
