// Jest Snapshot v1, https://goo.gl/fbAQLP

exports[`WmCheckboxset handles multiple columns correctly 1`] = `
<RCTScrollView
  collapsable={false}
  handlerTag={17}
  handlerType="NativeViewGestureHandler"
  onGestureHandlerEvent={[Function]}
  onGestureHandlerStateChange={[Function]}
  style={{}}
  waitFor={
    [
      {
        "current": null,
      },
    ]
  }
>
  <View>
    <RCTScrollView
      collapsable={false}
      handlerTag={18}
      handlerType="NativeViewGestureHandler"
      horizontal={true}
      onGestureHandlerEvent={[Function]}
      onGestureHandlerStateChange={[Function]}
      waitFor={
        [
          {
            "current": null,
          },
        ]
      }
    >
      <View>
        <View
          style={
            {
              "flexDirection": "row",
              "flexWrap": "wrap",
            }
          }
        >
          <View
            accessibilityLabel="Checkbox for name0"
            accessibilityRole="checkbox"
            accessibilityState={
              {
                "busy": undefined,
                "checked": false,
                "disabled": undefined,
                "expanded": undefined,
                "selected": undefined,
              }
            }
            accessibilityValue={
              {
                "max": undefined,
                "min": undefined,
                "now": undefined,
                "text": undefined,
              }
            }
            accessible={true}
            collapsable={false}
            focusable={true}
            onClick={[Function]}
            onResponderGrant={[Function]}
            onResponderMove={[Function]}
            onResponderRelease={[Function]}
            onResponderTerminate={[Function]}
            onResponderTerminationRequest={[Function]}
            onStartShouldSetResponder={[Function]}
            style={
              {
                "alignContent": "center",
                "flexDirection": "row",
                "marginRight": -20,
                "marginTop": 8,
                "opacity": 1,
                "width": "50%",
              }
            }
            testID="undefined_0"
          >
            <View>
              <View
                style={
                  {
                    "alignItems": "center",
                    "alignSelf": "flex-start",
                    "borderColor": "#999999",
                    "borderRadius": 4,
                    "borderWidth": 2,
                    "flexDirection": "row",
                    "height": 20,
                    "width": 20,
                  }
                }
                testID="non_animatableView"
              >
                <View>
                  <View>
                    <Text
                      accessible={false}
                      size={12}
                      style={
                        [
                          {
                            "color": undefined,
                          },
                          {
                            "color": "transparent",
                            "paddingLeft": 0,
                            "paddingRight": 8,
                          },
                          {
                            "transform": [
                              {
                                "rotate": "0deg",
                              },
                            ],
                          },
                        ]
                      }
                      testID="undefined_item0_icon"
                    >
                      check
                    </Text>
                  </View>
                </View>
              </View>
            </View>
            <Text
              accessible={false}
              style={
                [
                  {
                    "alignSelf": "center",
                    "color": "#888888",
                    "fontFamily": "Roboto",
                    "fontSize": 16,
                    "marginLeft": 8,
                    "userSelect": "text",
                  },
                  null,
                ]
              }
              testID="undefined_0"
            >
              name0
            </Text>
          </View>
          <View
            accessibilityLabel="Checkbox for name2"
            accessibilityRole="checkbox"
            accessibilityState={
              {
                "busy": undefined,
                "checked": false,
                "disabled": undefined,
                "expanded": undefined,
                "selected": undefined,
              }
            }
            accessibilityValue={
              {
                "max": undefined,
                "min": undefined,
                "now": undefined,
                "text": undefined,
              }
            }
            accessible={true}
            collapsable={false}
            focusable={true}
            onClick={[Function]}
            onResponderGrant={[Function]}
            onResponderMove={[Function]}
            onResponderRelease={[Function]}
            onResponderTerminate={[Function]}
            onResponderTerminationRequest={[Function]}
            onStartShouldSetResponder={[Function]}
            style={
              {
                "alignContent": "center",
                "flexDirection": "row",
                "marginRight": -20,
                "marginTop": 8,
                "opacity": 1,
                "width": "50%",
              }
            }
            testID="undefined_1"
          >
            <View>
              <View
                style={
                  {
                    "alignItems": "center",
                    "alignSelf": "flex-start",
                    "borderColor": "#999999",
                    "borderRadius": 4,
                    "borderWidth": 2,
                    "flexDirection": "row",
                    "height": 20,
                    "width": 20,
                  }
                }
                testID="non_animatableView"
              >
                <View>
                  <View>
                    <Text
                      accessible={false}
                      size={12}
                      style={
                        [
                          {
                            "color": undefined,
                          },
                          {
                            "color": "transparent",
                            "paddingLeft": 0,
                            "paddingRight": 8,
                          },
                          {
                            "transform": [
                              {
                                "rotate": "0deg",
                              },
                            ],
                          },
                        ]
                      }
                      testID="undefined_item1_icon"
                    >
                      check
                    </Text>
                  </View>
                </View>
              </View>
            </View>
            <Text
              accessible={false}
              style={
                [
                  {
                    "alignSelf": "center",
                    "color": "#888888",
                    "fontFamily": "Roboto",
                    "fontSize": 16,
                    "marginLeft": 8,
                    "userSelect": "text",
                  },
                  null,
                ]
              }
              testID="undefined_1"
            >
              name2
            </Text>
          </View>
          <View
            accessibilityLabel="Checkbox for name1"
            accessibilityRole="checkbox"
            accessibilityState={
              {
                "busy": undefined,
                "checked": false,
                "disabled": undefined,
                "expanded": undefined,
                "selected": undefined,
              }
            }
            accessibilityValue={
              {
                "max": undefined,
                "min": undefined,
                "now": undefined,
                "text": undefined,
              }
            }
            accessible={true}
            collapsable={false}
            focusable={true}
            onClick={[Function]}
            onResponderGrant={[Function]}
            onResponderMove={[Function]}
            onResponderRelease={[Function]}
            onResponderTerminate={[Function]}
            onResponderTerminationRequest={[Function]}
            onStartShouldSetResponder={[Function]}
            style={
              {
                "alignContent": "center",
                "flexDirection": "row",
                "marginRight": -20,
                "marginTop": 8,
                "opacity": 1,
                "width": "50%",
              }
            }
            testID="undefined_2"
          >
            <View>
              <View
                style={
                  {
                    "alignItems": "center",
                    "alignSelf": "flex-start",
                    "borderColor": "#999999",
                    "borderRadius": 4,
                    "borderWidth": 2,
                    "flexDirection": "row",
                    "height": 20,
                    "width": 20,
                  }
                }
                testID="non_animatableView"
              >
                <View>
                  <View>
                    <Text
                      accessible={false}
                      size={12}
                      style={
                        [
                          {
                            "color": undefined,
                          },
                          {
                            "color": "transparent",
                            "paddingLeft": 0,
                            "paddingRight": 8,
                          },
                          {
                            "transform": [
                              {
                                "rotate": "0deg",
                              },
                            ],
                          },
                        ]
                      }
                      testID="undefined_item2_icon"
                    >
                      check
                    </Text>
                  </View>
                </View>
              </View>
            </View>
            <Text
              accessible={false}
              style={
                [
                  {
                    "alignSelf": "center",
                    "color": "#888888",
                    "fontFamily": "Roboto",
                    "fontSize": 16,
                    "marginLeft": 8,
                    "userSelect": "text",
                  },
                  null,
                ]
              }
              testID="undefined_2"
            >
              name1
            </Text>
          </View>
        </View>
      </View>
    </RCTScrollView>
  </View>
</RCTScrollView>
`;
