// Jest Snapshot v1, https://goo.gl/fbAQLP

exports[`Test Composite component Check validity of sample component 1`] = `
<View
  style={
    {
      "alignItems": "flex-start",
      "flexDirection": "row",
    }
  }
/>
`;
