// Jest Snapshot v1, https://goo.gl/fbAQLP

exports[`Test CustomWidgetContainer component Check validity of sample component 1`] = `
<View
  style={{}}
/>
`;
