// Jest Snapshot v1, https://goo.gl/fbAQLP

exports[`Linear layout item tests should render linearlayoutitem without crashing 1`] = `
[
  <View
    onLayout={[Function]}
    style={
      {
        "height": 0,
        "width": 0,
      }
    }
  />,
  <View
    style={
      {
        "alignItems": "flex-start",
        "display": "flex",
        "flexDirection": "row",
        "justifyContent": "flex-start",
        "width": "100%",
      }
    }
  >
    <View
      onLayout={[Function]}
      style={
        {
          "height": 0,
          "width": 0,
        }
      }
    />
    <View
      style={
        {
          "flexBasis": "auto",
          "flexGrow": 0,
          "flexShrink": 0,
        }
      }
    >
      <Text>
        Item 1
      </Text>
      <Text>
        Item 2
      </Text>
    </View>
  </View>,
]
`;
