// Jest Snapshot v1, https://goo.gl/fbAQLP

exports[`Test PageContent component Check validity of sample component 1`] = `
<RCTScrollView
  style={
    Object {
      "flex": 1,
    }
  }
>
  <View />
</RCTScrollView>
`;
