// Jest Snapshot v1, https://goo.gl/fbAQLP

exports[`Test CardContent component Check validity of sample component 1`] = `
<View
  style={
    {
      "backgroundColor": "#ffffff",
      "paddingBottom": 8,
      "paddingLeft": 8,
      "paddingRight": 8,
      "paddingTop": 8,
    }
  }
/>
`;
